// Vitest Snapshot v1, https://vitest.dev/guide/snapshot.html

exports[`Avatar Component Test > Avatar with Image Showed Correctly 1`] = `
<div
  className="avatar sm"
  data-testid="avatar-image"
>
  <img
    alt="Budi Mulya"
    src="/src/assets/avatar1.webp"
  />
</div>
`;

exports[`Avatar Component Test > Avatar with Placeholder Showed Correctly 1`] = `
<div
  className="avatar placeholder sm"
  data-testid="avatar-placeholder"
>
  <span>
    BM
  </span>
</div>
`;
